     13 0
    151 1
    130 2
    108 3
     64 9
      2 A
      5 Ab
     10 Abbr
      1 Ac
     59 Accv
     50 Aj
      5 Anct
     28 Ar
      3 Astr
     35 Av
     18 Bibl
     11 Body
      5 Bota
      4 C
      1 Caus
      2 Chan
      3 Chem
     43 City
      6 Cj
      6 Clth
      2 Cmpr
     26 Colr
      2 Comb
      2 Comp
     24 Cs
     24 Ct
     41 Ctry
      7 Curr
      2 D
     59 Datv
     16 Detm
     13 Dial
      6 Diar
     30 Dimt
      5 E
     10 Ex
      2 F
     20 Flum
    136 Fm
    147 Forg
      5 Freq
     14 Ge
     62 Genv
    159 Geog
      5 Holy
     63 Honr
     15 Im
      6 In
     31 Ip
      3 Ir
      1 Jidd
      4 Letr
     10 Loct
      2 M
      6 Meas
      4 Medc
      3 Metl
      4 Meto
      5 Milt
      3 Minr
     14 Mnth
      8 Modl
     13 Mont
      3 Move
    253 Ms
     14 Musi
    163 Nm
     63 Nomv
      3 Nrul
    132 Nt
      7 Nu
     16 Numr
     17 Nutr
      1 Ordn
      4 P
      9 Pa
    115 Pers
    182 Pl
    221 Pn
    144 Poss
      1 Post
     35 Pr
     30 Pren
      8 Prim
     27 Prof
      2 Qant
      1 Ratn
      8 Refl
     42 Regn
     16 Relt
      5 Root
      7 Rp
      3 Rt
    124 S
    340 Sb
      5 Seas
    432 Sg
      8 Shor
      1 Spor
      2 Strg
      5 Suff
      2 Supl
     11 Surn
     40 Time
      9 Titl
      5 U
      4 Un
     20 Undt
    149 Vb
     17 Vulg
      1 Weak
      7 Week
     16 X
      9 Zool
      1 ile
      1 nput)
